[23:46:56] ▶ Starting pipeline run — ID: 20260902_234656_second_try
[23:46:56]   Profile: second_try
[23:46:56]   Input: /Users/olischn/GitHub/pipeline-player/test_data/test_document.pdf
[23:46:56]   Output dir: /Users/olischn/GitHub/pipeline-player/outputs/run_20260902_234656_second_try
[23:46:56] ────────────────────────────────────────────────────────────
[23:46:56] ⚙ Importing Docling...
[23:47:17] ⚙ Building pipeline options from config...
[23:47:17] ⚙ Initialising DocumentConverter...
[23:47:17] ⚙ Running document conversion (this may take a moment)...
[23:48:39] ⚠ DeprecationWarning: deprecated
[23:48:39] ⚠ DeprecationWarning: Field `annotations` is deprecated; use `meta` instead.
[23:48:39] ⚠ DeprecationWarning: Field `annotations` is deprecated; use `meta` instead.
[23:48:39] ⚠ DeprecationWarning: Field `annotations` is deprecated; use `meta` instead.
[23:48:39] ✓ Conversion complete in 82.21s
[23:48:39]   Pages processed: 8
[23:48:39] ────────────────────────────────────────────────────────────
[23:48:39] 💾 Writing output files...
[23:48:39]   ⚠ Failed to export annotated HTML: data must be str, not SerializationResult. Is docling-core up to date?
[23:48:39]   ✓ Config copy → config.yaml
[23:48:39] ────────────────────────────────────────────────────────────
[23:48:39] ✅ Run complete — 82.21s | 1 files written