[08:06:52] ▶ Starting pipeline run — ID: 20260907_080652_good-try
[08:06:52]   Profile: good-try
[08:06:52]   Input: /Users/olischn/GitHub/pipeline-player/test_data/test_document.pdf
[08:06:52]   Output dir: /Users/olischn/GitHub/pipeline-player/outputs/run_20260907_080652_good-try
[08:06:52] ────────────────────────────────────────────────────────────
[08:06:52] ⚙ Importing Docling...
[08:06:56] ⚙ Building pipeline options from config...
[08:06:56] ⚙ Initialising DocumentConverter...
[08:06:56] ⚙ Running document conversion (this may take a moment)...
[08:07:11] ⚠ MPS explicitly requested but not supported by all active models.
[08:07:11] ⚙ Falling back to AUTO device selection (MPS for layout, CPU for VLMs)...
[08:08:53] ⚠ DeprecationWarning: `force_full_page_ocr` is deprecated; set `mode=OcrMode.FULL_PAGE` instead.
[08:08:53] ✓ Conversion complete in 117.83s
[08:08:53]   Pages processed: 8
[08:08:53] ────────────────────────────────────────────────────────────
[08:08:53] 💾 Writing output files...
[08:08:54]   ✓ HTML → parsed_doc.html (split_page=True, annotations=True)
[08:08:54]   ✓ Markdown → parsed_doc.md
[08:08:54]   ✓ JSON → parsed_doc.json
[08:08:54]   ✓ Config copy → config.yaml
[08:08:54] ────────────────────────────────────────────────────────────
[08:08:54] ✅ Run complete — 117.83s | 4 files written