[08:59:37] ▶ Starting pipeline run — ID: 20260903_085937_second_try
[08:59:37]   Profile: second_try
[08:59:37]   Input: /Users/olischn/GitHub/pipeline-player/test_data/test_document.pdf
[08:59:37]   Output dir: /Users/olischn/GitHub/pipeline-player/outputs/run_20260903_085937_second_try
[08:59:37] ────────────────────────────────────────────────────────────
[08:59:37] ⚙ Importing Docling...
[08:59:37] ⚙ Building pipeline options from config...
[08:59:37] ⚙ Initialising DocumentConverter...
[08:59:37] ⚙ Running document conversion (this may take a moment)...
[08:59:41] ❌ Pipeline failed: AcceleratorDeviceNotAvailableError: MPS is not supported by this model. Supported devices: ['cpu', 'cuda', 'xpu']
[08:59:41] Traceback (most recent call last):
  File "/Users/olischn/GitHub/pipeline-player/backend/services/docling_runner.py", line 246, in run_pipeline
    result = converter.convert(str(TEST_DOC))
             ^^^^^^^^^^^^^^^^^^^^^^^^^^^^^^^^
  File "/Users/olischn/GitHub/pipeline-player/.venv/lib/python3.12/site-packages/pydantic/_internal/_validate_call.py", line 40, in wrapper_function
    return wrapper(*args, **kwargs)
           ^^^^^^^^^^^^^^^^^^^^^^^^
  File "/Users/olischn/GitHub/pipeline-player/.venv/lib/python3.12/site-packages/pydantic/_internal/_validate_call.py", line 137, in __call__
    res = self.__pydantic_validator__.validate_python(pydantic_core.ArgsKwargs(args, kwargs))
          ^^^^^^^^^^^^^^^^^^^^^^^^^^^^^^^^^^^^^^^^^^^^^^^^^^^^^^^^^^^^^^^^^^^^^^^^^^^^^^^^^^^
  File "/Users/olischn/GitHub/pipeline-player/.venv/lib/python3.12/site-packages/docling/document_converter.py", line 512, in convert
    return next(all_res)
           ^^^^^^^^^^^^^
  File "/Users/olischn/GitHub/pipeline-player/.venv/lib/python3.12/site-packages/docling/document_converter.py", line 574, in convert_all
    for conv_res in conv_res_iter:
                    ^^^^^^^^^^^^^
  File "/Users/olischn/GitHub/pipeline-player/.venv/lib/python3.12/site-packages/docling/document_converter.py", line 703, in _convert
    for item in map(
                ^^^^
  File "/Users/olischn/GitHub/pipeline-player/.venv/lib/python3.12/site-packages/docling/document_converter.py", line 750, in _process_document
    conv_res = self._execute_pipeline(in_doc, raises_on_error=raises_on_error)
               ^^^^^^^^^^^^^^^^^^^^^^^^^^^^^^^^^^^^^^^^^^^^^^^^^^^^^^^^^^^^^^^
  File "/Users/olischn/GitHub/pipeline-player/.venv/lib/python3.12/site-packages/docling/document_converter.py", line 776, in _execute_pipeline
    pipeline = self._get_pipeline(in_doc.format)
               ^^^^^^^^^^^^^^^^^^^^^^^^^^^^^^^^^
  File "/Users/olischn/GitHub/pipeline-player/.venv/lib/python3.12/site-packages/docling/document_converter.py", line 733, in _get_pipeline
    self.initialized_pipelines[cache_key] = pipeline_class(
                                            ^^^^^^^^^^^^^^^
  File "/Users/olischn/GitHub/pipeline-player/.venv/lib/python3.12/site-packages/docling/pipeline/standard_pdf_pipeline.py", line 592, in __init__
    self._init_models()
  File "/Users/olischn/GitHub/pipeline-player/.venv/lib/python3.12/site-packages/docling/pipeline/standard_pdf_pipeline.py", line 663, in _init_models
    CodeFormulaVlmModel(
  File "/Users/olischn/GitHub/pipeline-player/.venv/lib/python3.12/site-packages/docling/models/stages/code_formula/code_formula_vlm_model.py", line 109, in __init__
    self.engine = create_vlm_engine(
                  ^^^^^^^^^^^^^^^^^^
  File "/Users/olischn/GitHub/pipeline-player/.venv/lib/python3.12/site-packages/docling/models/inference_engines/vlm/factory.py", line 74, in create_vlm_engine
    return AutoInlineVlmEngine(
           ^^^^^^^^^^^^^^^^^^^^
  File "/Users/olischn/GitHub/pipeline-player/.venv/lib/python3.12/site-packages/docling/models/inference_engines/vlm/auto_inline_engine.py", line 72, in __init__
    self.initialize()
  File "/Users/olischn/GitHub/pipeline-player/.venv/lib/python3.12/site-packages/docling/models/inference_engines/vlm/auto_inline_engine.py", line 214, in initialize
    self.actual_engine = TransformersVlmEngine(
                         ^^^^^^^^^^^^^^^^^^^^^^
  File "/Users/olischn/GitHub/pipeline-player/.venv/lib/python3.12/site-packages/docling/models/inference_engines/vlm/transformers_engine.py", line 121, in __init__
    self.initialize()
  File "/Users/olischn/GitHub/pipeline-player/.venv/lib/python3.12/site-packages/docling/models/inference_engines/vlm/transformers_engine.py", line 136, in initialize
    self.device = decide_device(
                  ^^^^^^^^^^^^^^
  File "/Users/olischn/GitHub/pipeline-player/.venv/lib/python3.12/site-packages/docling/utils/accelerator_utils.py", line 98, in decide_device
    raise AcceleratorDeviceNotAvailableError(
docling.exceptions.AcceleratorDeviceNotAvailableError: MPS is not supported by this model. Supported devices: ['cpu', 'cuda', 'xpu']
