[09:51:49] 🚀 Starting Pipeline Run ID: 20260907_095149_good-try
[09:51:49]   Profile: good-try
[09:51:49]   Document: test_document.pdf
[09:51:49]   Output dir: /Users/olischn/GitHub/pipeline-player/outputs/run_20260907_095149_good-try
[09:51:49] ────────────────────────────────────────────────────────────
[09:51:49] ⚙ Importing Docling...
[09:51:53] ⚙ Building pipeline options from config...
MPS is not supported by VLM models (Code/Formula/Picture Description). Falling back to AUTO so supported models use MPS and VLMs use CPU.
[09:51:53] ⚙ Initialising DocumentConverter...
[09:51:53] ⚙ Running document conversion (this may take a moment)...
Loading weights:   0%|          | 0/360 [00:00<?, ?it/s]
Loading weights: 100%|██████████| 360/360 [00:00<00:00, 15114.00it/s]
Loading weights:   0%|          | 0/770 [00:00<?, ?it/s]
Loading weights: 100%|██████████| 770/770 [00:00<00:00, 12247.12it/s]
Loading weights:   0%|          | 0/471 [00:00<?, ?it/s]
Loading weights: 100%|██████████| 471/471 [00:00<00:00, 5819.42it/s]
[transformers] The tied weights mapping and config for this model specifies to tie model.text_model.embed_tokens.weight to lm_head.weight, but both are present in the checkpoints with different values, so we will NOT tie them. You should update the config with `tie_word_embeddings=False` to silence this warning.
[09:53:37] ✓ Conversion complete in 104.65s
[09:53:37]   Pages processed: 8
[09:53:37] ────────────────────────────────────────────────────────────
[09:53:37] 💾 Writing output files...
[09:53:38]   ✓ HTML → parsed_doc.html
[09:53:38]   ✓ Markdown → parsed_doc.md
[09:53:38]   ✓ JSON → parsed_doc.json
/Users/olischn/GitHub/pipeline-player/backend/services/docling_worker.py:181: DeprecationWarning: datetime.datetime.utcnow() is deprecated and scheduled for removal in a future version. Use timezone-aware objects to represent datetimes in UTC: datetime.datetime.now(datetime.UTC).
run_result.finished_at = datetime.utcnow()
[09:53:38] ────────────────────────────────────────────────────────────
[09:53:38] ✅ Run complete — 104.65s | 4 files written