[17:37:03] ▶ Starting pipeline run — ID: 20260903_173703_second_try
[17:37:03]   Profile: second_try
[17:37:03]   Input: /Users/olischn/GitHub/pipeline-player/test_data/test_document.pdf
[17:37:03]   Output dir: /Users/olischn/GitHub/pipeline-player/outputs/run_20260903_173703_second_try
[17:37:03] ────────────────────────────────────────────────────────────
[17:37:03] ⚙ Importing Docling...
[17:37:03] ⚙ Building pipeline options from config...
[17:37:03] ⚙ Initialising DocumentConverter...
[17:37:03] ⚙ Running document conversion (this may take a moment)...
[17:37:06] ⚠ MPS explicitly requested but not supported by all active models.
[17:37:06] ⚙ Falling back to AUTO device selection (MPS for layout, CPU for VLMs)...
[17:38:13] ⚠ DeprecationWarning: deprecated
[17:38:13] ✓ Conversion complete in 70.22s
[17:38:13]   Pages processed: 8
[17:38:13] ────────────────────────────────────────────────────────────
[17:38:13] 💾 Writing output files...
[17:38:13]   ✓ HTML → parsed_doc.html (split_page=True, annotations=True)
[17:38:13]   ✓ Config copy → config.yaml
[17:38:13] ────────────────────────────────────────────────────────────
[17:38:13] ✅ Run complete — 70.22s | 2 files written