[22:10:51] ▶ Starting pipeline run — ID: 20260901_221051_first-try
[22:10:51]   Profile: first-try
[22:10:51]   Input: /Users/olischn/GitHub/pipeline-player/test_data/test_document.pdf
[22:10:51]   Output dir: /Users/olischn/GitHub/pipeline-player/outputs/run_20260901_221051_first-try
[22:10:51] ────────────────────────────────────────────────────────────
[22:10:51] ⚙ Importing Docling...
[22:11:53] ⚙ Building pipeline options from config...
[22:11:53] ⚙ Initialising DocumentConverter...
[22:11:53] ⚙ Running document conversion (this may take a moment)...
[22:12:06] ❌ Pipeline failed: RuntimeError: Failed to load image processor from /Users/olischn/.cache/huggingface/hub/models--docling-project--DocumentFigureClassifier-v2.5/snapshots/f859dfbff5c9916cd996942d4b0db7fa25808220: Could not import module 'AutoImageProcessor'. Are this object's requirements defined correctly?
[22:12:06] Traceback (most recent call last):
  File "/Users/olischn/GitHub/pipeline-player/.venv/lib/python3.12/site-packages/transformers/utils/import_utils.py", line 2226, in __getattr__
    module = self._get_module(self._class_to_module[name])
             ^^^^^^^^^^^^^^^^^^^^^^^^^^^^^^^^^^^^^^^^^^^^^
  File "/Users/olischn/GitHub/pipeline-player/.venv/lib/python3.12/site-packages/transformers/utils/import_utils.py", line 2460, in _get_module
    raise e
  File "/Users/olischn/GitHub/pipeline-player/.venv/lib/python3.12/site-packages/transformers/utils/import_utils.py", line 2458, in _get_module
    return importlib.import_module("." + module_name, self.__name__)
           ^^^^^^^^^^^^^^^^^^^^^^^^^^^^^^^^^^^^^^^^^^^^^^^^^^^^^^^^^
  File "/Users/olischn/.pyenv/versions/3.12.7/lib/python3.12/importlib/__init__.py", line 90, in import_module
    return _bootstrap._gcd_import(name[level:], package, level)
           ^^^^^^^^^^^^^^^^^^^^^^^^^^^^^^^^^^^^^^^^^^^^^^^^^^^^
  File "<frozen importlib._bootstrap>", line 1387, in _gcd_import
  File "<frozen importlib._bootstrap>", line 1360, in _find_and_load
  File "<frozen importlib._bootstrap>", line 1331, in _find_and_load_unlocked
  File "<frozen importlib._bootstrap>", line 935, in _load_unlocked
  File "<frozen importlib._bootstrap_external>", line 995, in exec_module
  File "<frozen importlib._bootstrap>", line 488, in _call_with_frames_removed
  File "/Users/olischn/GitHub/pipeline-player/.venv/lib/python3.12/site-packages/transformers/models/auto/image_processing_auto.py", line 24, in <module>
    from ...image_processing_utils import ImageProcessingMixin
  File "/Users/olischn/GitHub/pipeline-player/.venv/lib/python3.12/site-packages/transformers/image_processing_utils.py", line 24, in <module>
    from .image_processing_base import BatchFeature, ImageProcessingMixin
  File "/Users/olischn/GitHub/pipeline-player/.venv/lib/python3.12/site-packages/transformers/image_processing_base.py", line 25, in <module>
    from .image_utils import is_valid_image, load_image
  File "/Users/olischn/GitHub/pipeline-player/.venv/lib/python3.12/site-packages/transformers/image_utils.py", line 54, in <module>
    from torchvision.io import ImageReadMode, decode_image
  File "/Users/olischn/GitHub/pipeline-player/.venv/lib/python3.12/site-packages/torchvision/__init__.py", line 8, in <module>
    from torchvision import (
  File "/Users/olischn/GitHub/pipeline-player/.venv/lib/python3.12/site-packages/torchvision/datasets/__init__.py", line 1, in <module>
    from ._optical_flow import FlyingChairs, FlyingThings3D, HD1K, KittiFlow, Sintel
  File "/Users/olischn/GitHub/pipeline-player/.venv/lib/python3.12/site-packages/torchvision/datasets/_optical_flow.py", line 14, in <module>
    from .utils import _read_pfm, verify_str_arg
  File "/Users/olischn/GitHub/pipeline-player/.venv/lib/python3.12/site-packages/torchvision/datasets/utils.py", line 4, in <module>
    import lzma
  File "/Users/olischn/.pyenv/versions/3.12.7/lib/python3.12/lzma.py", line 27, in <module>
    from _lzma import *
ModuleNotFoundError: No module named '_lzma'

The above exception was the direct cause of the following exception:

Traceback (most recent call last):
  File "/Users/olischn/GitHub/pipeline-player/.venv/lib/python3.12/site-packages/docling/models/inference_engines/common/hf_vision_base.py", line 87, in _load_preprocessor
    from transformers import AutoImageProcessor
  File "/Users/olischn/GitHub/pipeline-player/.venv/lib/python3.12/site-packages/transformers/utils/import_utils.py", line 2314, in __getattr__
    raise ModuleNotFoundError(
ModuleNotFoundError: Could not import module 'AutoImageProcessor'. Are this object's requirements defined correctly?

During handling of the above exception, another exception occurred:

Traceback (most recent call last):
  File "/Users/olischn/GitHub/pipeline-player/backend/services/docling_runner.py", line 219, in run_pipeline
    result = converter.convert(str(TEST_DOC))
             ^^^^^^^^^^^^^^^^^^^^^^^^^^^^^^^^
  File "/Users/olischn/GitHub/pipeline-player/.venv/lib/python3.12/site-packages/pydantic/_internal/_validate_call.py", line 40, in wrapper_function
    return wrapper(*args, **kwargs)
           ^^^^^^^^^^^^^^^^^^^^^^^^
  File "/Users/olischn/GitHub/pipeline-player/.venv/lib/python3.12/site-packages/pydantic/_internal/_validate_call.py", line 137, in __call__
    res = self.__pydantic_validator__.validate_python(pydantic_core.ArgsKwargs(args, kwargs))
          ^^^^^^^^^^^^^^^^^^^^^^^^^^^^^^^^^^^^^^^^^^^^^^^^^^^^^^^^^^^^^^^^^^^^^^^^^^^^^^^^^^^
  File "/Users/olischn/GitHub/pipeline-player/.venv/lib/python3.12/site-packages/docling/document_converter.py", line 512, in convert
    return next(all_res)
           ^^^^^^^^^^^^^
  File "/Users/olischn/GitHub/pipeline-player/.venv/lib/python3.12/site-packages/docling/document_converter.py", line 574, in convert_all
    for conv_res in conv_res_iter:
                    ^^^^^^^^^^^^^
  File "/Users/olischn/GitHub/pipeline-player/.venv/lib/python3.12/site-packages/docling/document_converter.py", line 703, in _convert
    for item in map(
                ^^^^
  File "/Users/olischn/GitHub/pipeline-player/.venv/lib/python3.12/site-packages/docling/document_converter.py", line 750, in _process_document
    conv_res = self._execute_pipeline(in_doc, raises_on_error=raises_on_error)
               ^^^^^^^^^^^^^^^^^^^^^^^^^^^^^^^^^^^^^^^^^^^^^^^^^^^^^^^^^^^^^^^
  File "/Users/olischn/GitHub/pipeline-player/.venv/lib/python3.12/site-packages/docling/document_converter.py", line 776, in _execute_pipeline
    pipeline = self._get_pipeline(in_doc.format)
               ^^^^^^^^^^^^^^^^^^^^^^^^^^^^^^^^^
  File "/Users/olischn/GitHub/pipeline-player/.venv/lib/python3.12/site-packages/docling/document_converter.py", line 733, in _get_pipeline
    self.initialized_pipelines[cache_key] = pipeline_class(
                                            ^^^^^^^^^^^^^^^
  File "/Users/olischn/GitHub/pipeline-player/.venv/lib/python3.12/site-packages/docling/pipeline/standard_pdf_pipeline.py", line 586, in __init__
    super().__init__(pipeline_options)
  File "/Users/olischn/GitHub/pipeline-player/.venv/lib/python3.12/site-packages/docling/pipeline/base_pipeline.py", line 214, in __init__
    DocumentPictureClassifier(
  File "/Users/olischn/GitHub/pipeline-player/.venv/lib/python3.12/site-packages/docling/models/stages/picture_classifier/document_picture_classifier.py", line 105, in __init__
    self.engine.initialize()
  File "/Users/olischn/GitHub/pipeline-player/.venv/lib/python3.12/site-packages/docling/models/inference_engines/image_classification/transformers_engine.py", line 124, in initialize
    self._processor = self._load_preprocessor(model_folder)
                      ^^^^^^^^^^^^^^^^^^^^^^^^^^^^^^^^^^^^^
  File "/Users/olischn/GitHub/pipeline-player/.venv/lib/python3.12/site-packages/docling/models/inference_engines/common/hf_vision_base.py", line 92, in _load_preprocessor
    raise RuntimeError(
RuntimeError: Failed to load image processor from /Users/olischn/.cache/huggingface/hub/models--docling-project--DocumentFigureClassifier-v2.5/snapshots/f859dfbff5c9916cd996942d4b0db7fa25808220: Could not import module 'AutoImageProcessor'. Are this object's requirements defined correctly?
