[15:21:19] ▶ Starting pipeline run — ID: 20260901_152119_first-try
[15:21:19]   Profile: first-try
[15:21:19]   Input: /Users/olischn/GitHub/pipeline-player/test_data/test_document.pdf
[15:21:19]   Output dir: /Users/olischn/GitHub/pipeline-player/outputs/run_20260901_152119_first-try
[15:21:19] ────────────────────────────────────────────────────────────
[15:21:19] ⚙ Importing Docling...
[15:21:50] ⚙ Building pipeline options from config...
[15:21:50] ⚙ Initialising DocumentConverter...
[15:21:50] ⚙ Running document conversion (this may take a moment)...
[15:22:09] ❌ Pipeline failed: ImportError: EasyOCR is not installed. Please install it via `pip install easyocr` to use this OCR engine. Alternatively, Docling has support for other OCR engines. See the documentation.
[15:22:09] Traceback (most recent call last):
  File "/Users/olischn/Library/Python/3.9/lib/python/site-packages/docling/models/stages/ocr/easyocr_model.py", line 50, in __init__
    import easyocr
ModuleNotFoundError: No module named 'easyocr'

During handling of the above exception, another exception occurred:

Traceback (most recent call last):
  File "/Users/olischn/GitHub/pipeline-player/backend/services/docling_runner.py", line 219, in run_pipeline
    result = converter.convert(str(TEST_DOC))
  File "/Users/olischn/Library/Python/3.9/lib/python/site-packages/pydantic/_internal/_validate_call.py", line 40, in wrapper_function
    return wrapper(*args, **kwargs)
  File "/Users/olischn/Library/Python/3.9/lib/python/site-packages/pydantic/_internal/_validate_call.py", line 137, in __call__
    res = self.__pydantic_validator__.validate_python(pydantic_core.ArgsKwargs(args, kwargs))
  File "/Users/olischn/Library/Python/3.9/lib/python/site-packages/docling/document_converter.py", line 325, in convert
    return next(all_res)
  File "/Users/olischn/Library/Python/3.9/lib/python/site-packages/docling/document_converter.py", line 368, in convert_all
    for conv_res in conv_res_iter:
  File "/Users/olischn/Library/Python/3.9/lib/python/site-packages/docling/document_converter.py", line 467, in _convert
    for item in map(
  File "/Users/olischn/Library/Python/3.9/lib/python/site-packages/docling/document_converter.py", line 514, in _process_document
    conv_res = self._execute_pipeline(in_doc, raises_on_error=raises_on_error)
  File "/Users/olischn/Library/Python/3.9/lib/python/site-packages/docling/document_converter.py", line 535, in _execute_pipeline
    pipeline = self._get_pipeline(in_doc.format)
  File "/Users/olischn/Library/Python/3.9/lib/python/site-packages/docling/document_converter.py", line 497, in _get_pipeline
    self.initialized_pipelines[cache_key] = pipeline_class(
  File "/Users/olischn/Library/Python/3.9/lib/python/site-packages/docling/pipeline/standard_pdf_pipeline.py", line 438, in __init__
    self._init_models()
  File "/Users/olischn/Library/Python/3.9/lib/python/site-packages/docling/pipeline/standard_pdf_pipeline.py", line 456, in _init_models
    self.ocr_model = self._make_ocr_model(art_path)
  File "/Users/olischn/Library/Python/3.9/lib/python/site-packages/docling/pipeline/standard_pdf_pipeline.py", line 507, in _make_ocr_model
    return factory.create_instance(
  File "/Users/olischn/Library/Python/3.9/lib/python/site-packages/docling/models/factories/base_factory.py", line 57, in create_instance
    return _cls(options=options, **kwargs)
  File "/Users/olischn/Library/Python/3.9/lib/python/site-packages/docling/models/stages/ocr/easyocr_model.py", line 52, in __init__
    raise ImportError(
ImportError: EasyOCR is not installed. Please install it via `pip install easyocr` to use this OCR engine. Alternatively, Docling has support for other OCR engines. See the documentation.
