[01:30:33] ▶ Starting pipeline run — ID: 20260902_013033_first-try
[01:30:33]   Profile: first-try
[01:30:33]   Input: /Users/olischn/GitHub/pipeline-player/test_data/test_document.pdf
[01:30:33]   Output dir: /Users/olischn/GitHub/pipeline-player/outputs/run_20260902_013033_first-try
[01:30:33] ────────────────────────────────────────────────────────────
[01:30:33] ⚙ Importing Docling...
[01:31:00] ⚙ Building pipeline options from config...
[01:31:00] ⚙ Initialising DocumentConverter...
[01:31:00] ⚙ Running document conversion (this may take a moment)...
[01:31:06] ❌ Pipeline failed: ImportError: onnxruntime is not installed.
[01:31:06] Traceback (most recent call last):
  File "/Users/olischn/GitHub/pipeline-player/backend/services/docling_runner.py", line 239, in run_pipeline
    result = converter.convert(str(TEST_DOC))
             ^^^^^^^^^^^^^^^^^^^^^^^^^^^^^^^^
  File "/Users/olischn/GitHub/pipeline-player/.venv/lib/python3.12/site-packages/pydantic/_internal/_validate_call.py", line 40, in wrapper_function
    return wrapper(*args, **kwargs)
           ^^^^^^^^^^^^^^^^^^^^^^^^
  File "/Users/olischn/GitHub/pipeline-player/.venv/lib/python3.12/site-packages/pydantic/_internal/_validate_call.py", line 137, in __call__
    res = self.__pydantic_validator__.validate_python(pydantic_core.ArgsKwargs(args, kwargs))
          ^^^^^^^^^^^^^^^^^^^^^^^^^^^^^^^^^^^^^^^^^^^^^^^^^^^^^^^^^^^^^^^^^^^^^^^^^^^^^^^^^^^
  File "/Users/olischn/GitHub/pipeline-player/.venv/lib/python3.12/site-packages/docling/document_converter.py", line 512, in convert
    return next(all_res)
           ^^^^^^^^^^^^^
  File "/Users/olischn/GitHub/pipeline-player/.venv/lib/python3.12/site-packages/docling/document_converter.py", line 574, in convert_all
    for conv_res in conv_res_iter:
                    ^^^^^^^^^^^^^
  File "/Users/olischn/GitHub/pipeline-player/.venv/lib/python3.12/site-packages/docling/document_converter.py", line 703, in _convert
    for item in map(
                ^^^^
  File "/Users/olischn/GitHub/pipeline-player/.venv/lib/python3.12/site-packages/docling/document_converter.py", line 750, in _process_document
    conv_res = self._execute_pipeline(in_doc, raises_on_error=raises_on_error)
               ^^^^^^^^^^^^^^^^^^^^^^^^^^^^^^^^^^^^^^^^^^^^^^^^^^^^^^^^^^^^^^^
  File "/Users/olischn/GitHub/pipeline-player/.venv/lib/python3.12/site-packages/docling/document_converter.py", line 776, in _execute_pipeline
    pipeline = self._get_pipeline(in_doc.format)
               ^^^^^^^^^^^^^^^^^^^^^^^^^^^^^^^^^
  File "/Users/olischn/GitHub/pipeline-player/.venv/lib/python3.12/site-packages/docling/document_converter.py", line 733, in _get_pipeline
    self.initialized_pipelines[cache_key] = pipeline_class(
                                            ^^^^^^^^^^^^^^^
  File "/Users/olischn/GitHub/pipeline-player/.venv/lib/python3.12/site-packages/docling/pipeline/standard_pdf_pipeline.py", line 592, in __init__
    self._init_models()
  File "/Users/olischn/GitHub/pipeline-player/.venv/lib/python3.12/site-packages/docling/pipeline/standard_pdf_pipeline.py", line 613, in _init_models
    self.ocr_model = self._make_ocr_model(art_path)
                     ^^^^^^^^^^^^^^^^^^^^^^^^^^^^^^
  File "/Users/olischn/GitHub/pipeline-player/.venv/lib/python3.12/site-packages/docling/pipeline/standard_pdf_pipeline.py", line 689, in _make_ocr_model
    return factory.create_instance(
           ^^^^^^^^^^^^^^^^^^^^^^^^
  File "/Users/olischn/GitHub/pipeline-player/.venv/lib/python3.12/site-packages/docling/models/factories/base_factory.py", line 60, in create_instance
    return _cls(options=options, **kwargs)
           ^^^^^^^^^^^^^^^^^^^^^^^^^^^^^^^
  File "/Users/olischn/GitHub/pipeline-player/.venv/lib/python3.12/site-packages/docling/models/stages/ocr/rapid_ocr_model.py", line 453, in __init__
    self.reader = RapidOCR(
                  ^^^^^^^^^
  File "/Users/olischn/GitHub/pipeline-player/.venv/lib/python3.12/site-packages/rapidocr/main.py", line 46, in __init__
    self._initialize(cfg)
  File "/Users/olischn/GitHub/pipeline-player/.venv/lib/python3.12/site-packages/rapidocr/main.py", line 71, in _initialize
    self.text_det = TextDetector(cfg.Det)
                    ^^^^^^^^^^^^^^^^^^^^^
  File "/Users/olischn/GitHub/pipeline-player/.venv/lib/python3.12/site-packages/rapidocr/ch_ppocr_det/main.py", line 47, in __init__
    self.session = get_engine(cfg.engine_type)(cfg)
                   ^^^^^^^^^^^^^^^^^^^^^^^^^^^
  File "/Users/olischn/GitHub/pipeline-player/.venv/lib/python3.12/site-packages/rapidocr/inference_engine/base.py", line 27, in get_engine
    raise ImportError(f"{engine_type.value} is not installed.")
ImportError: onnxruntime is not installed.
