[22:18:36] ▶ Starting pipeline run — ID: 20260901_221836_first-try
[22:18:36]   Profile: first-try
[22:18:36]   Input: /Users/olischn/GitHub/pipeline-player/test_data/test_document.pdf
[22:18:36]   Output dir: /Users/olischn/GitHub/pipeline-player/outputs/run_20260901_221836_first-try
[22:18:36] ────────────────────────────────────────────────────────────
[22:18:36] ⚙ Importing Docling...
[22:19:04] ⚙ Building pipeline options from config...
[22:19:04] ⚙ Initialising DocumentConverter...
[22:19:04] ⚙ Running document conversion (this may take a moment)...
[22:19:11] ❌ Pipeline failed: ImportError: EasyOCR is not installed. Please install it via `pip install easyocr` to use this OCR engine. Alternatively, Docling has support for other OCR engines. See the documentation.
[22:19:11] Traceback (most recent call last):
  File "/Users/olischn/GitHub/pipeline-player/.venv/lib/python3.12/site-packages/docling/models/stages/ocr/easyocr_model.py", line 99, in __init__
    import easyocr
ModuleNotFoundError: No module named 'easyocr'

During handling of the above exception, another exception occurred:

Traceback (most recent call last):
  File "/Users/olischn/GitHub/pipeline-player/backend/services/docling_runner.py", line 219, in run_pipeline
    result = converter.convert(str(TEST_DOC))
             ^^^^^^^^^^^^^^^^^^^^^^^^^^^^^^^^
  File "/Users/olischn/GitHub/pipeline-player/.venv/lib/python3.12/site-packages/pydantic/_internal/_validate_call.py", line 40, in wrapper_function
    return wrapper(*args, **kwargs)
           ^^^^^^^^^^^^^^^^^^^^^^^^
  File "/Users/olischn/GitHub/pipeline-player/.venv/lib/python3.12/site-packages/pydantic/_internal/_validate_call.py", line 137, in __call__
    res = self.__pydantic_validator__.validate_python(pydantic_core.ArgsKwargs(args, kwargs))
          ^^^^^^^^^^^^^^^^^^^^^^^^^^^^^^^^^^^^^^^^^^^^^^^^^^^^^^^^^^^^^^^^^^^^^^^^^^^^^^^^^^^
  File "/Users/olischn/GitHub/pipeline-player/.venv/lib/python3.12/site-packages/docling/document_converter.py", line 512, in convert
    return next(all_res)
           ^^^^^^^^^^^^^
  File "/Users/olischn/GitHub/pipeline-player/.venv/lib/python3.12/site-packages/docling/document_converter.py", line 574, in convert_all
    for conv_res in conv_res_iter:
                    ^^^^^^^^^^^^^
  File "/Users/olischn/GitHub/pipeline-player/.venv/lib/python3.12/site-packages/docling/document_converter.py", line 703, in _convert
    for item in map(
                ^^^^
  File "/Users/olischn/GitHub/pipeline-player/.venv/lib/python3.12/site-packages/docling/document_converter.py", line 750, in _process_document
    conv_res = self._execute_pipeline(in_doc, raises_on_error=raises_on_error)
               ^^^^^^^^^^^^^^^^^^^^^^^^^^^^^^^^^^^^^^^^^^^^^^^^^^^^^^^^^^^^^^^
  File "/Users/olischn/GitHub/pipeline-player/.venv/lib/python3.12/site-packages/docling/document_converter.py", line 776, in _execute_pipeline
    pipeline = self._get_pipeline(in_doc.format)
               ^^^^^^^^^^^^^^^^^^^^^^^^^^^^^^^^^
  File "/Users/olischn/GitHub/pipeline-player/.venv/lib/python3.12/site-packages/docling/document_converter.py", line 733, in _get_pipeline
    self.initialized_pipelines[cache_key] = pipeline_class(
                                            ^^^^^^^^^^^^^^^
  File "/Users/olischn/GitHub/pipeline-player/.venv/lib/python3.12/site-packages/docling/pipeline/standard_pdf_pipeline.py", line 592, in __init__
    self._init_models()
  File "/Users/olischn/GitHub/pipeline-player/.venv/lib/python3.12/site-packages/docling/pipeline/standard_pdf_pipeline.py", line 613, in _init_models
    self.ocr_model = self._make_ocr_model(art_path)
                     ^^^^^^^^^^^^^^^^^^^^^^^^^^^^^^
  File "/Users/olischn/GitHub/pipeline-player/.venv/lib/python3.12/site-packages/docling/pipeline/standard_pdf_pipeline.py", line 689, in _make_ocr_model
    return factory.create_instance(
           ^^^^^^^^^^^^^^^^^^^^^^^^
  File "/Users/olischn/GitHub/pipeline-player/.venv/lib/python3.12/site-packages/docling/models/factories/base_factory.py", line 60, in create_instance
    return _cls(options=options, **kwargs)
           ^^^^^^^^^^^^^^^^^^^^^^^^^^^^^^^
  File "/Users/olischn/GitHub/pipeline-player/.venv/lib/python3.12/site-packages/docling/models/stages/ocr/easyocr_model.py", line 101, in __init__
    raise ImportError(
ImportError: EasyOCR is not installed. Please install it via `pip install easyocr` to use this OCR engine. Alternatively, Docling has support for other OCR engines. See the documentation.
