[09:41:37] 🚀 Starting Pipeline Run ID: 20260907_094137_good-try
[09:41:37]   Profile: good-try
[09:41:37]   Document: test_document.pdf
[09:41:37]   Output dir: /Users/olischn/GitHub/pipeline-player/outputs/run_20260907_094137_good-try
[09:41:37] ────────────────────────────────────────────────────────────
[09:41:37] ⚙ Importing Docling...
[09:41:41] ⚙ Building pipeline options from config...
MPS is not supported by VLM models (Code/Formula/Picture Description). Falling back to AUTO so supported models use MPS and VLMs use CPU.
[09:41:41] ⚙ Initialising DocumentConverter...
[09:41:41] ⚙ Running document conversion (this may take a moment)...
Loading weights:   0%|          | 0/360 [00:00<?, ?it/s]
Loading weights: 100%|██████████| 360/360 [00:00<00:00, 15497.79it/s]
Loading weights:   0%|          | 0/770 [00:00<?, ?it/s]
Loading weights: 100%|██████████| 770/770 [00:00<00:00, 13007.22it/s]
Loading weights:   0%|          | 0/471 [00:00<?, ?it/s]
Loading weights: 100%|██████████| 471/471 [00:00<00:00, 32941.21it/s]
[transformers] The tied weights mapping and config for this model specifies to tie model.text_model.embed_tokens.weight to lm_head.weight, but both are present in the checkpoints with different values, so we will NOT tie them. You should update the config with `tie_word_embeddings=False` to silence this warning.
[09:43:23] ✓ Conversion complete in 101.90s
[09:43:23]   Pages processed: 8
[09:43:23] ────────────────────────────────────────────────────────────
[09:43:23] 💾 Writing output files...
[09:43:23]   ✓ HTML → parsed_doc.html
[09:43:23]   ✓ Markdown → parsed_doc.md
[09:43:23]   ✓ JSON → parsed_doc.json
/Users/olischn/GitHub/pipeline-player/backend/services/docling_worker.py:181: DeprecationWarning: datetime.datetime.utcnow() is deprecated and scheduled for removal in a future version. Use timezone-aware objects to represent datetimes in UTC: datetime.datetime.now(datetime.UTC).
run_result.finished_at = datetime.utcnow()
[09:43:23] ────────────────────────────────────────────────────────────
[09:43:23] ✅ Run complete — 101.90s | 4 files written