[09:26:35] 🚀 Starting Pipeline Run ID: 20260907_092635_good-try
[09:26:35]   Profile: good-try
[09:26:35]   Document: Autrement_Ch-0-Presentation_cours_autrement.pdf
[09:26:35]   Output dir: /Users/olischn/GitHub/pipeline-player/outputs/run_20260907_092635_good-try
[09:26:35] ────────────────────────────────────────────────────────────
[09:26:35] ⚙ Importing Docling...
[09:26:44] ⚙ Building pipeline options from config...
[09:26:44] ⚙ Initialising DocumentConverter...
[09:26:44] ⚙ Running document conversion (this may take a moment)...
Loading weights:   0%|          | 0/360 [00:00<?, ?it/s]
Loading weights: 100%|██████████| 360/360 [00:00<00:00, 76612.18it/s]
Loading weights:   0%|          | 0/770 [00:00<?, ?it/s]
Loading weights: 100%|██████████| 770/770 [00:00<00:00, 13057.02it/s]
[09:27:09] ❌ Pipeline failed: AcceleratorDeviceNotAvailableError: MPS is not supported by this model. Supported devices: ['cpu', 'cuda', 'xpu']
[09:27:09] Traceback (most recent call last):
File "/Users/olischn/GitHub/pipeline-player/backend/services/docling_worker.py", line 93, in main
result = converter.convert(str(test_doc_path))
^^^^^^^^^^^^^^^^^^^^^^^^^^^^^^^^^^^^^
File "/Users/olischn/GitHub/pipeline-player/.venv/lib/python3.12/site-packages/pydantic/_internal/_validate_call.py", line 40, in wrapper_function
return wrapper(*args, **kwargs)
^^^^^^^^^^^^^^^^^^^^^^^^
File "/Users/olischn/GitHub/pipeline-player/.venv/lib/python3.12/site-packages/pydantic/_internal/_validate_call.py", line 137, in __call__
res = self.__pydantic_validator__.validate_python(pydantic_core.ArgsKwargs(args, kwargs))
^^^^^^^^^^^^^^^^^^^^^^^^^^^^^^^^^^^^^^^^^^^^^^^^^^^^^^^^^^^^^^^^^^^^^^^^^^^^^^^^^^^
File "/Users/olischn/GitHub/pipeline-player/.venv/lib/python3.12/site-packages/docling/document_converter.py", line 573, in convert
return next(all_res)
^^^^^^^^^^^^^
File "/Users/olischn/GitHub/pipeline-player/.venv/lib/python3.12/site-packages/docling/document_converter.py", line 635, in convert_all
for conv_res in conv_res_iter:
^^^^^^^^^^^^^
File "/Users/olischn/GitHub/pipeline-player/.venv/lib/python3.12/site-packages/docling/document_converter.py", line 764, in _convert
for item in map(
^^^^
File "/Users/olischn/GitHub/pipeline-player/.venv/lib/python3.12/site-packages/docling/document_converter.py", line 811, in _process_document
conv_res = self._execute_pipeline(in_doc, raises_on_error=raises_on_error)
^^^^^^^^^^^^^^^^^^^^^^^^^^^^^^^^^^^^^^^^^^^^^^^^^^^^^^^^^^^^^^^
File "/Users/olischn/GitHub/pipeline-player/.venv/lib/python3.12/site-packages/docling/document_converter.py", line 837, in _execute_pipeline
pipeline = self._get_pipeline(in_doc.format)
^^^^^^^^^^^^^^^^^^^^^^^^^^^^^^^^^
File "/Users/olischn/GitHub/pipeline-player/.venv/lib/python3.12/site-packages/docling/document_converter.py", line 794, in _get_pipeline
self.initialized_pipelines[cache_key] = pipeline_class(
^^^^^^^^^^^^^^^
File "/Users/olischn/GitHub/pipeline-player/.venv/lib/python3.12/site-packages/docling/pipeline/standard_pdf_pipeline.py", line 595, in __init__
self._init_models()
File "/Users/olischn/GitHub/pipeline-player/.venv/lib/python3.12/site-packages/docling/pipeline/standard_pdf_pipeline.py", line 666, in _init_models
CodeFormulaVlmModel(
File "/Users/olischn/GitHub/pipeline-player/.venv/lib/python3.12/site-packages/docling/models/stages/code_formula/code_formula_vlm_model.py", line 109, in __init__
self.engine = create_vlm_engine(
^^^^^^^^^^^^^^^^^^
File "/Users/olischn/GitHub/pipeline-player/.venv/lib/python3.12/site-packages/docling/models/inference_engines/vlm/factory.py", line 74, in create_vlm_engine
return AutoInlineVlmEngine(
^^^^^^^^^^^^^^^^^^^^
File "/Users/olischn/GitHub/pipeline-player/.venv/lib/python3.12/site-packages/docling/models/inference_engines/vlm/auto_inline_engine.py", line 73, in __init__
self.initialize()
File "/Users/olischn/GitHub/pipeline-player/.venv/lib/python3.12/site-packages/docling/models/inference_engines/vlm/auto_inline_engine.py", line 233, in initialize
self.actual_engine = TransformersVlmEngine(
^^^^^^^^^^^^^^^^^^^^^^
File "/Users/olischn/GitHub/pipeline-player/.venv/lib/python3.12/site-packages/docling/models/inference_engines/vlm/transformers_engine.py", line 123, in __init__
self.initialize()
File "/Users/olischn/GitHub/pipeline-player/.venv/lib/python3.12/site-packages/docling/models/inference_engines/vlm/transformers_engine.py", line 143, in initialize
self.device = decide_device(
^^^^^^^^^^^^^^
File "/Users/olischn/GitHub/pipeline-player/.venv/lib/python3.12/site-packages/docling/utils/accelerator_utils.py", line 98, in decide_device
raise AcceleratorDeviceNotAvailableError(
docling.exceptions.AcceleratorDeviceNotAvailableError: MPS is not supported by this model. Supported devices: ['cpu', 'cuda', 'xpu']
/Users/olischn/GitHub/pipeline-player/backend/services/docling_worker.py:193: DeprecationWarning: datetime.datetime.utcnow() is deprecated and scheduled for removal in a future version. Use timezone-aware objects to represent datetimes in UTC: datetime.datetime.now(datetime.UTC).
run_result.finished_at = datetime.utcnow()