[12:36:53] ▶ Starting pipeline run — ID: 20260902_123653_second_try
[12:36:53]   Profile: second_try
[12:36:53]   Input: /Users/olischn/GitHub/pipeline-player/test_data/test_document.pdf
[12:36:53]   Output dir: /Users/olischn/GitHub/pipeline-player/outputs/run_20260902_123653_second_try
[12:36:53] ────────────────────────────────────────────────────────────
[12:36:53] ⚙ Importing Docling...
[12:36:53] ⚙ Building pipeline options from config...
[12:36:53] ⚙ Initialising DocumentConverter...
[12:36:53] ⚙ Running document conversion (this may take a moment)...
[12:38:04] ⚠ DeprecationWarning: deprecated
[12:38:04] ⚠ DeprecationWarning: Field `annotations` is deprecated; use `meta` instead.
[12:38:04] ⚠ DeprecationWarning: Field `annotations` is deprecated; use `meta` instead.
[12:38:04] ⚠ DeprecationWarning: Field `annotations` is deprecated; use `meta` instead.
[12:38:04] ✓ Conversion complete in 70.62s
[12:38:04]   Pages processed: 8
[12:38:04] ────────────────────────────────────────────────────────────
[12:38:04] 💾 Writing output files...
[12:38:04]   ✓ HTML → parsed_doc.html
[12:38:04]   ✓ Config copy → config.yaml
[12:38:04] ────────────────────────────────────────────────────────────
[12:38:04] ✅ Run complete — 70.62s | 2 files written