[13:18:33] ▶ Starting pipeline run — ID: 20260902_131833_second_try
[13:18:33]   Profile: second_try
[13:18:33]   Input: /Users/olischn/GitHub/pipeline-player/test_data/test_document.pdf
[13:18:33]   Output dir: /Users/olischn/GitHub/pipeline-player/outputs/run_20260902_131833_second_try
[13:18:33] ────────────────────────────────────────────────────────────
[13:18:33] ⚙ Importing Docling...
[13:18:57] ⚙ Building pipeline options from config...
[13:18:57] ⚙ Initialising DocumentConverter...
[13:18:58] ⚙ Running document conversion (this may take a moment)...
[13:20:20] ⚠ DeprecationWarning: deprecated
[13:20:20] ⚠ DeprecationWarning: Field `annotations` is deprecated; use `meta` instead.
[13:20:20] ⚠ DeprecationWarning: Field `annotations` is deprecated; use `meta` instead.
[13:20:20] ⚠ DeprecationWarning: Field `annotations` is deprecated; use `meta` instead.
[13:20:20] ✓ Conversion complete in 82.78s
[13:20:20]   Pages processed: 8
[13:20:20] ────────────────────────────────────────────────────────────
[13:20:20] 💾 Writing output files...
[13:20:20]   ✓ HTML → parsed_doc.html (split_page=True, annotations=True)
[13:20:20]   ✓ Config copy → config.yaml
[13:20:20] ────────────────────────────────────────────────────────────
[13:20:20] ✅ Run complete — 82.78s | 2 files written