[11:00:34] ▶ Starting pipeline run — ID: 20260904_110034_third_try
[11:00:34]   Profile: third_try
[11:00:34]   Input: /Users/olischn/GitHub/pipeline-player/test_data/test_document.pdf
[11:00:34]   Output dir: /Users/olischn/GitHub/pipeline-player/outputs/run_20260904_110034_third_try
[11:00:34] ────────────────────────────────────────────────────────────
[11:00:34] ⚙ Importing Docling...
[11:00:34] ⚙ Building pipeline options from config...
[11:00:34] ⚙ Initialising DocumentConverter...
[11:00:34] ⚙ Running document conversion (this may take a moment)...
[11:00:38] ⚠ MPS explicitly requested but not supported by all active models.
[11:00:38] ⚙ Falling back to AUTO device selection (MPS for layout, CPU for VLMs)...
[11:01:43] ⚠ DeprecationWarning: deprecated
[11:01:43] ✓ Conversion complete in 69.07s
[11:01:43]   Pages processed: 8
[11:01:43] ────────────────────────────────────────────────────────────
[11:01:43] 💾 Writing output files...
[11:01:44]   ✓ HTML → parsed_doc.html (split_page=True, annotations=True)
[11:01:44]   ✓ Markdown → parsed_doc.md
[11:01:44]   ✓ Config copy → config.yaml
[11:01:44] ────────────────────────────────────────────────────────────
[11:01:44] ✅ Run complete — 69.07s | 3 files written