[09:15:48] ▶ Starting pipeline run — ID: 20260904_091548_third_try
[09:15:48]   Profile: third_try
[09:15:48]   Input: /Users/olischn/GitHub/pipeline-player/test_data/test_document.pdf
[09:15:48]   Output dir: /Users/olischn/GitHub/pipeline-player/outputs/run_20260904_091548_third_try
[09:15:48] ────────────────────────────────────────────────────────────
[09:15:48] ⚙ Importing Docling...
[09:15:55] ⚙ Building pipeline options from config...
[09:15:55] ⚙ Initialising DocumentConverter...
[09:15:55] ⚙ Running document conversion (this may take a moment)...
[09:16:10] ⚠ MPS explicitly requested but not supported by all active models.
[09:16:10] ⚙ Falling back to AUTO device selection (MPS for layout, CPU for VLMs)...
[09:17:16] ⚠ DeprecationWarning: deprecated
[09:17:16] ✓ Conversion complete in 80.09s
[09:17:16]   Pages processed: 8
[09:17:16] ────────────────────────────────────────────────────────────
[09:17:16] 💾 Writing output files...
[09:17:16]   ✓ HTML → parsed_doc.html (split_page=True, annotations=True)
[09:17:16]   ✓ Config copy → config.yaml
[09:17:16] ────────────────────────────────────────────────────────────
[09:17:16] ✅ Run complete — 80.09s | 2 files written