[12:24:25] 🚀 Starting Pipeline Run ID: 20260907_122425_good-try
[12:24:25]   Profile: good-try
[12:24:25]   Document: Autrement_Ch-0-Presentation_cours_autrement.pdf
[12:24:25]   Output dir: /Users/olischn/GitHub/pipeline-player/outputs/run_20260907_122425_good-try
[12:24:25] ────────────────────────────────────────────────────────────
[12:24:25] ⚙ Importing Docling...
[12:24:29] ⚙ Building pipeline options from config...
MPS is not supported by VLM models (Code/Formula/Picture Description). Falling back to AUTO so supported models use MPS and VLMs use CPU.
[12:24:29] ⚙ Initialising DocumentConverter...
[12:24:29] ⚙ Running document conversion (this may take a moment)...
Loading weights:   0%|          | 0/471 [00:00<?, ?it/s]
Loading weights: 100%|██████████| 471/471 [00:00<00:00, 6871.29it/s]
Loading weights:   0%|          | 0/360 [00:00<?, ?it/s]
Loading weights: 100%|██████████| 360/360 [00:00<00:00, 16155.93it/s]
Loading weights:   0%|          | 0/770 [00:00<?, ?it/s]
Loading weights: 100%|██████████| 770/770 [00:00<00:00, 12806.22it/s]
Loading weights:   0%|          | 0/471 [00:00<?, ?it/s]
Loading weights: 100%|██████████| 471/471 [00:00<00:00, 6049.92it/s]
[transformers] The tied weights mapping and config for this model specifies to tie model.text_model.embed_tokens.weight to lm_head.weight, but both are present in the checkpoints with different values, so we will NOT tie them. You should update the config with `tie_word_embeddings=False` to silence this warning.
[12:28:39] ✓ Conversion complete in 249.92s
[12:28:39]   Pages processed: 9
[12:28:39] ────────────────────────────────────────────────────────────
[12:28:39] 💾 Writing output files...
[12:28:41]   ✓ HTML → parsed_doc.html
[12:28:41]   ✓ Markdown → parsed_doc.md
[12:28:41]   ✓ JSON → parsed_doc.json
/Users/olischn/GitHub/pipeline-player/backend/services/docling_worker.py:181: DeprecationWarning: datetime.datetime.utcnow() is deprecated and scheduled for removal in a future version. Use timezone-aware objects to represent datetimes in UTC: datetime.datetime.now(datetime.UTC).
run_result.finished_at = datetime.utcnow()
[12:28:41] ────────────────────────────────────────────────────────────
[12:28:41] ✅ Run complete — 249.92s | 4 files written