[06:17:57] ▶ Starting pipeline run — ID: 20260907_061757_default
[06:17:57]   Profile: default
[06:17:57]   Input: /Users/olischn/GitHub/pipeline-player/test_data/test_document.pdf
[06:17:57]   Output dir: /Users/olischn/GitHub/pipeline-player/outputs/run_20260907_061757_default
[06:17:57] ────────────────────────────────────────────────────────────
[06:17:57] ⚙ Importing Docling...
[06:17:57] ⚙ Building pipeline options from config...
[06:17:57] ⚙ Initialising DocumentConverter...
[06:17:57] ⚙ Running document conversion (this may take a moment)...
[06:18:00] ⚠ MPS explicitly requested but not supported by all active models.
[06:18:00] ⚙ Falling back to AUTO device selection (MPS for layout, CPU for VLMs)...
[06:19:08] ⚠ DeprecationWarning: deprecated
[06:19:08] ✓ Conversion complete in 70.68s
[06:19:08]   Pages processed: 8
[06:19:08] ────────────────────────────────────────────────────────────
[06:19:08] 💾 Writing output files...
[06:19:08]   ✓ HTML → parsed_doc.html (split_page=True, annotations=True)
[06:19:08]   ✓ Markdown → parsed_doc.md
[06:19:08]   ✓ JSON → parsed_doc.json
[06:19:08]   ✓ Config copy → config.yaml
[06:19:08] ────────────────────────────────────────────────────────────
[06:19:08] ✅ Run complete — 70.68s | 4 files written