[10:02:25] ▶ Starting pipeline run — ID: 20260904_100225_third_try
[10:02:25]   Profile: third_try
[10:02:25]   Input: /Users/olischn/GitHub/pipeline-player/test_data/test_document.pdf
[10:02:25]   Output dir: /Users/olischn/GitHub/pipeline-player/outputs/run_20260904_100225_third_try
[10:02:25] ────────────────────────────────────────────────────────────
[10:02:25] ⚙ Importing Docling...
[10:02:25] ⚙ Building pipeline options from config...
[10:02:25] ⚙ Initialising DocumentConverter...
[10:02:26] ⚙ Running document conversion (this may take a moment)...
[10:02:29] ⚠ MPS explicitly requested but not supported by all active models.
[10:02:29] ⚙ Falling back to AUTO device selection (MPS for layout, CPU for VLMs)...
[10:03:34] ⚠ DeprecationWarning: deprecated
[10:03:34] ✓ Conversion complete in 68.90s
[10:03:34]   Pages processed: 8
[10:03:34] ────────────────────────────────────────────────────────────
[10:03:34] 💾 Writing output files...
[10:03:35]   ✓ HTML → parsed_doc.html (split_page=True, annotations=True)
[10:03:35]   ✓ Markdown → parsed_doc.md
[10:03:35]   ✓ Config copy → config.yaml
[10:03:35] ────────────────────────────────────────────────────────────
[10:03:35] ✅ Run complete — 68.90s | 3 files written