[09:59:47] 🚀 Starting Pipeline Run ID: 20260907_095946_good-try
[09:59:47]   Profile: good-try
[09:59:47]   Document: test_document.pdf
[09:59:47]   Output dir: /Users/olischn/GitHub/pipeline-player/outputs/run_20260907_095946_good-try
[09:59:47] ────────────────────────────────────────────────────────────
[09:59:47] ⚙ Importing Docling...
[10:00:13] ⚙ Building pipeline options from config...
MPS is not supported by VLM models (Code/Formula/Picture Description). Falling back to AUTO so supported models use MPS and VLMs use CPU.
[10:00:13] ⚙ Initialising DocumentConverter...
[10:00:13] ⚙ Running document conversion (this may take a moment)...
Loading weights:   0%|          | 0/360 [00:00<?, ?it/s]
Loading weights: 100%|██████████| 360/360 [00:00<00:00, 20816.55it/s]
Loading weights:   0%|          | 0/770 [00:00<?, ?it/s]
Loading weights: 100%|██████████| 770/770 [00:00<00:00, 12944.24it/s]
Loading weights:   0%|          | 0/471 [00:00<?, ?it/s]
Loading weights: 100%|██████████| 471/471 [00:00<00:00, 28856.94it/s]
[transformers] The tied weights mapping and config for this model specifies to tie model.text_model.embed_tokens.weight to lm_head.weight, but both are present in the checkpoints with different values, so we will NOT tie them. You should update the config with `tie_word_embeddings=False` to silence this warning.
[10:02:12] ✓ Conversion complete in 119.17s
[10:02:12]   Pages processed: 8
[10:02:12] ────────────────────────────────────────────────────────────
[10:02:12] 💾 Writing output files...
[10:02:13]   ✓ HTML → parsed_doc.html
[10:02:13]   ✓ Markdown → parsed_doc.md
[10:02:13]   ✓ JSON → parsed_doc.json
/Users/olischn/GitHub/pipeline-player/backend/services/docling_worker.py:181: DeprecationWarning: datetime.datetime.utcnow() is deprecated and scheduled for removal in a future version. Use timezone-aware objects to represent datetimes in UTC: datetime.datetime.now(datetime.UTC).
run_result.finished_at = datetime.utcnow()
[10:02:13] ────────────────────────────────────────────────────────────
[10:02:13] ✅ Run complete — 119.17s | 4 files written