[15:09:09] ▶ Starting pipeline run — ID: 20260903_150909_second_try
[15:09:09]   Profile: second_try
[15:09:09]   Input: /Users/olischn/GitHub/pipeline-player/test_data/test_document.pdf
[15:09:09]   Output dir: /Users/olischn/GitHub/pipeline-player/outputs/run_20260903_150909_second_try
[15:09:09] ────────────────────────────────────────────────────────────
[15:09:09] ⚙ Importing Docling...
[15:09:36] ⚙ Building pipeline options from config...
[15:09:36] ⚙ Initialising DocumentConverter...
[15:09:36] ⚙ Running document conversion (this may take a moment)...
[15:11:14] ⚠ DeprecationWarning: deprecated
[15:11:14] ⚠ DeprecationWarning: Field `annotations` is deprecated; use `meta` instead.
[15:11:14] ⚠ DeprecationWarning: Field `annotations` is deprecated; use `meta` instead.
[15:11:14] ⚠ DeprecationWarning: Field `annotations` is deprecated; use `meta` instead.
[15:11:14] ✓ Conversion complete in 97.99s
[15:11:14]   Pages processed: 8
[15:11:14] ────────────────────────────────────────────────────────────
[15:11:14] 💾 Writing output files...
[15:11:15]   ✓ HTML → parsed_doc.html (split_page=True, annotations=True)
[15:11:15]   ✓ Config copy → config.yaml
[15:11:15] ────────────────────────────────────────────────────────────
[15:11:15] ✅ Run complete — 97.99s | 2 files written