[06:34:41] ▶ Starting pipeline run — ID: 20260907_063441_default
[06:34:41]   Profile: default
[06:34:41]   Input: /Users/olischn/GitHub/pipeline-player/test_data/test_document.pdf
[06:34:41]   Output dir: /Users/olischn/GitHub/pipeline-player/outputs/run_20260907_063441_default
[06:34:41] ────────────────────────────────────────────────────────────
[06:34:41] ⚙ Importing Docling...
[06:34:41] ⚙ Building pipeline options from config...
[06:34:41] ⚙ Initialising DocumentConverter...
[06:34:42] ⚙ Running document conversion (this may take a moment)...
[06:34:43] ⚠ MPS explicitly requested but not supported by all active models.
[06:34:43] ⚙ Falling back to AUTO device selection (MPS for layout, CPU for VLMs)...
[06:36:32] ⚠ DeprecationWarning: deprecated
[06:36:32] ✓ Conversion complete in 110.63s
[06:36:32]   Pages processed: 8
[06:36:32] ────────────────────────────────────────────────────────────
[06:36:32] 💾 Writing output files...
[06:36:33]   ✓ HTML → parsed_doc.html (split_page=True, annotations=True)
[06:36:33]   ✓ Markdown → parsed_doc.md
[06:36:33]   ✓ JSON → parsed_doc.json
[06:36:33]   ✓ Config copy → config.yaml
[06:36:33] ────────────────────────────────────────────────────────────
[06:36:33] ✅ Run complete — 110.63s | 4 files written